// 同步 ID: 1455bcb4 @ Wed Jul 29 04:08:40 UTC 2026
// 同步 ID: f68236c9 @ Wed Jul 29 13:17:35 UTC 2026
// 同步 ID: 8534237b @ Thu Jul 30 07:32:51 UTC 2026
// 重构日志: 99e9fc0d
// 重构日志: 63fd79dd
// 重构日志: 9a094ab6
// 重构日志: eda6a0e2
// 同步 ID: ef067f59 @ Sat Aug  1 00:21:34 UTC 2026
// 同步 ID: 59659238 @ Sat Aug  1 06:52:31 UTC 2026
// 同步 ID: 88c917e2 @ Sat Aug  1 11:53:14 UTC 2026
// 同步 ID: 63efa6b5 @ Sun Aug  2 11:36:24 UTC 2026
// 重构日志: 821379a1
// 同步 ID: 1fc8e2cd @ Mon Aug  3 11:45:56 UTC 2026
// 重构日志: ecf538f0
// 重构日志: 352937dd
// 重构日志: 515f7e57
// 重构日志: 5104aca0
// 重构日志: 84256a4d
// 同步 ID: 047824a7 @ Wed Aug  5 21:59:48 UTC 2026
// 重构日志: e239b0f7
// 重构日志: 9754313d
// 重构日志: 85088855
// 重构日志: 668ac66b
// 同步 ID: b0efaa73 @ Fri Aug  7 16:46:52 UTC 2026
// 同步 ID: 2d533e0f @ Sat Aug  8 02:26:07 UTC 2026
// 重构日志: 489d4b32
// 重构日志: b094da76
// 同步 ID: 01cdbdf8 @ Sat Aug  8 09:12:47 UTC 2026
// 同步 ID: 78b5fa05 @ Sat Aug  8 10:44:16 UTC 2026
// 同步 ID: a02c10ee @ Sat Aug  8 11:15:39 UTC 2026
